/Users/snaiderbautista/Documents/MCUXpressoIDE_11.6.1_8255/workspace/lwip_tcpecho_freertos_pr1/drivers/fsl_clock.h:668:20:CLOCK_EnableClock	24	static
/Users/snaiderbautista/Documents/MCUXpressoIDE_11.6.1_8255/workspace/lwip_tcpecho_freertos_pr1/drivers/fsl_port.h:271:20:PORT_SetPinConfig	32	static
/Users/snaiderbautista/Documents/MCUXpressoIDE_11.6.1_8255/workspace/lwip_tcpecho_freertos_pr1/drivers/fsl_port.h:374:20:PORT_SetPinMux	24	static
../board/pin_mux.c:37:6:BOARD_InitBootPins	8	static
../board/pin_mux.c:73:6:BOARD_InitPins	16	static
